{
    "emits selection.tsv, the outgroup accession, and versions": {
        "content": [
            {
                "0": [
                    "selection.tsv:md5,ec7fffcd28b47141f6d7dca045a00f1f"
                ],
                "1": [
                    "outgroup_accession.txt:md5,41a1da4ab52c59b9258b23c01abcc68d"
                ],
                "2": [
                    "versions.yml:md5,d41d8cd98f00b204e9800998ecf8427e"
                ],
                "outgroup_accession": [
                    "outgroup_accession.txt:md5,41a1da4ab52c59b9258b23c01abcc68d"
                ],
                "selection": [
                    "selection.tsv:md5,ec7fffcd28b47141f6d7dca045a00f1f"
                ],
                "versions": [
                    "versions.yml:md5,d41d8cd98f00b204e9800998ecf8427e"
                ]
            }
        ],
        "timestamp": "2026-09-01T23:48:36.114055",
        "meta": {
            "nf-test": "0.9.5",
            "nextflow": "26.04.6"
        }
    }
}