{
    "emits an alignment with one record per representative": {
        "content": [
            {
                "0": [
                    [
                        {
                            "id": "test",
                            "mode": "bacterial"
                        },
                        "msa.fasta:md5,c00d06fefbe5112077928e8044d832fc"
                    ]
                ],
                "1": [
                    
                ],
                "2": [
                    
                ],
                "3": [
                    "versions.yml:md5,d41d8cd98f00b204e9800998ecf8427e"
                ],
                "align": [
                    
                ],
                "msa": [
                    [
                        {
                            "id": "test",
                            "mode": "bacterial"
                        },
                        "msa.fasta:md5,c00d06fefbe5112077928e8044d832fc"
                    ]
                ],
                "snp": [
                    
                ],
                "versions": [
                    "versions.yml:md5,d41d8cd98f00b204e9800998ecf8427e"
                ]
            }
        ],
        "timestamp": "2026-09-14T08:02:35.815013",
        "meta": {
            "nf-test": "0.9.5",
            "nextflow": "26.04.6"
        }
    }
}